%!Adobe-FontList 1.14
%Locale:0x409

%BeginFont
Handler:DirectoryHandler
FontType:TrueType
FontName:CenturyGothic
FamilyName:Century Gothic
StyleName:Regular
FullName:Century Gothic
MenuName:Century Gothic
StyleBits:0
WritingScript:Roman
OutlineFileName:E:\PROJECTs\013-Derek Murphy\048-new template\CREATED\minimal_temp3\Document fonts\GOTHIC.TTF
DataFormat:sfntData
FileLength:137568
FileModTime:910859968
WeightClass:400
WidthClass:5
AngleClass:0
%EndFont

%BeginFont
Handler:DirectoryHandler
FontType:TrueType
FontName:Junicode-Bold
FamilyName:Junicode
StyleName:Bold
FullName:Junicode Bold
MenuName:Junicode
StyleBits:2
WritingScript:Roman
OutlineFileName:E:\PROJECTs\013-Derek Murphy\048-new template\CREATED\minimal_temp3\Document fonts\Junicode-Bold.ttf
DataFormat:sfntData
FileLength:353028
FileModTime:1327972980
WeightClass:700
WidthClass:5
AngleClass:0
%EndFont

%BeginFont
Handler:DirectoryHandler
FontType:TrueType
FontName:Junicode-BoldItalic
FamilyName:Junicode
StyleName:Bold Italic
FullName:Junicode Bold Italic
MenuName:Junicode
StyleBits:3
WritingScript:Roman
OutlineFileName:E:\PROJECTs\013-Derek Murphy\048-new template\CREATED\minimal_temp3\Document fonts\Junicode-BoldItalic.ttf
DataFormat:sfntData
FileLength:277096
FileModTime:1327972980
WeightClass:700
WidthClass:5
AngleClass:1
%EndFont

%BeginFont
Handler:DirectoryHandler
FontType:TrueType
FontName:Junicode-Italic
FamilyName:Junicode
StyleName:Italic
FullName:Junicode Italic
MenuName:Junicode
StyleBits:1
WritingScript:Roman
OutlineFileName:E:\PROJECTs\013-Derek Murphy\048-new template\CREATED\minimal_temp3\Document fonts\Junicode-Italic.ttf
DataFormat:sfntData
FileLength:764656
FileModTime:1327972980
WeightClass:400
WidthClass:5
AngleClass:1
%EndFont

%BeginFont
Handler:DirectoryHandler
FontType:TrueType
FontName:Junicode
FamilyName:Junicode
StyleName:Regular
FullName:Junicode
MenuName:Junicode
StyleBits:0
WritingScript:Roman
OutlineFileName:E:\PROJECTs\013-Derek Murphy\048-new template\CREATED\minimal_temp3\Document fonts\Junicode.ttf
DataFormat:sfntData
FileLength:1040216
FileModTime:1327972980
WeightClass:400
WidthClass:5
AngleClass:0
%EndFont

%BeginFont
Handler:DirectoryHandler
FontType:TrueType
FontName:OpenSans-BoldItalic
FamilyName:Open Sans
StyleName:Bold Italic
FullName:Open Sans Bold Italic
MenuName:Open Sans
StyleBits:3
WritingScript:Roman
OutlineFileName:E:\PROJECTs\013-Derek Murphy\048-new template\CREATED\minimal_temp3\Document fonts\OpenSans-BoldItalic.ttf
DataFormat:sfntData
FileLength:213292
FileModTime:1459896644
WeightClass:700
WidthClass:5
AngleClass:1
%EndFont

%BeginFont
Handler:DirectoryHandler
FontType:TrueType
FontName:OpenSans
FamilyName:Open Sans
StyleName:Regular
FullName:Open Sans
MenuName:Open Sans
StyleBits:0
WritingScript:Roman
OutlineFileName:E:\PROJECTs\013-Derek Murphy\048-new template\CREATED\minimal_temp3\Document fonts\OpenSans-Regular_0.ttf
DataFormat:sfntData
FileLength:217360
FileModTime:1459896644
WeightClass:400
WidthClass:5
AngleClass:0
%EndFont

%BeginFont
Handler:DirectoryHandler
FontType:TrueType
FontName:Roboto-Bold
FamilyName:Roboto
StyleName:Bold
FullName:Roboto Bold
MenuName:Roboto
StyleBits:2
WritingScript:Roman
OutlineFileName:E:\PROJECTs\013-Derek Murphy\048-new template\CREATED\minimal_temp3\Document fonts\Roboto-Bold.ttf
DataFormat:sfntData
FileLength:163448
FileModTime:1322543816
WeightClass:700
WidthClass:5
AngleClass:0
%EndFont

%BeginFont
Handler:DirectoryHandler
FontType:TrueType
FontName:Roboto-BoldItalic
FamilyName:Roboto
StyleName:Bold Italic
FullName:Roboto Bold Italic
MenuName:Roboto
StyleBits:3
WritingScript:Roman
OutlineFileName:E:\PROJECTs\013-Derek Murphy\048-new template\CREATED\minimal_temp3\Document fonts\Roboto-BoldItalic.ttf
DataFormat:sfntData
FileLength:165864
FileModTime:1322543816
WeightClass:700
WidthClass:5
AngleClass:0
%EndFont

%BeginFont
Handler:DirectoryHandler
FontType:TrueType
FontName:Roboto-Italic
FamilyName:Roboto
StyleName:Italic
FullName:Roboto Italic
MenuName:Roboto
StyleBits:1
WritingScript:Roman
OutlineFileName:E:\PROJECTs\013-Derek Murphy\048-new template\CREATED\minimal_temp3\Document fonts\Roboto-Italic.ttf
DataFormat:sfntData
FileLength:160736
FileModTime:1322543816
WeightClass:400
WidthClass:5
AngleClass:0
%EndFont

%BeginFont
Handler:DirectoryHandler
FontType:TrueType
FontName:Roboto-Light
FamilyName:Roboto
StyleName:Light
FullName:Roboto Light
MenuName:Roboto Lt
StyleBits:0
WritingScript:Roman
OutlineFileName:E:\PROJECTs\013-Derek Murphy\048-new template\CREATED\minimal_temp3\Document fonts\Roboto-Light.ttf
DataFormat:sfntData
FileLength:162636
FileModTime:1322543818
WeightClass:300
WidthClass:5
AngleClass:0
%EndFont

%BeginFont
Handler:DirectoryHandler
FontType:TrueType
FontName:Roboto-Regular
FamilyName:Roboto
StyleName:Regular
FullName:Roboto Regular
MenuName:Roboto
StyleBits:0
WritingScript:Roman
OutlineFileName:E:\PROJECTs\013-Derek Murphy\048-new template\CREATED\minimal_temp3\Document fonts\Roboto-Regular.ttf
DataFormat:sfntData
FileLength:158604
FileModTime:1322543818
WeightClass:400
WidthClass:5
AngleClass:0
%EndFont

%BeginFont
Handler:DirectoryHandler
FontType:Type1
FontName:SteelfishRg-Regular
FamilyName:Steelfish
StyleName:Regular
FullName:SteelfishRg-Regular
MenuName:Steelfish Rg
StyleBits:0
WritingScript:Roman
OutlineFileName:E:\PROJECTs\013-Derek Murphy\048-new template\CREATED\minimal_temp3\Document fonts\steelfish rg_0.otf
DataFormat:sfntData
UsesStandardEncoding:yes
isCFF:yes
FileLength:58640
FileModTime:1394176184
WeightClass:400
WidthClass:5
AngleClass:0
%EndFont

%BeginFont
Handler:DirectoryHandler
FontType:TrueType
FontName:TheanoDidot-Regular
FamilyName:Theano Didot
StyleName:Regular
FullName:Theano Didot Regular
MenuName:Theano Didot
StyleBits:0
WritingScript:Roman
OutlineFileName:E:\PROJECTs\013-Derek Murphy\048-new template\CREATED\minimal_temp3\Document fonts\TheanoDidot-Regular.ttf
DataFormat:sfntData
FileLength:169668
FileModTime:1459897958
WeightClass:400
WidthClass:5
AngleClass:0
%EndFont

